6611396
10793076
0
9939295
0
16447327
6745036
15466221
11466305
