56525307132710117
16161536227771860
9613002880908477
23006456384174221
4631660124147150
