AICJGRWPTH
NBHJZYP
WNASPLM
MAHJLOPURF
IMPOSSIBLE
GAFILOQK
VI
