FAIPVEGXSM
MDENSTC
QBEIKLVR
ZOHXBMQK
NEMGWSTZU
IMPOSSIBLE
LWJZC
PA
HOB
SZHPAKC
CGIJTPZR
BAJUFWIDP
SACOHGY
