IBDHOQRZA
DEGJPXZYS
ASYXE
XGEKQLNH
IBFVZWT
JFTXBZA
JBHUDF
