15312762501
81667250001
20833583334
8333433334
25312837501
10416833334
5208458334
15312762501
26666933334
