KQYP
UERI
EGDPJRSVZW
NQABUY
ONJDQTXUSI
HJWYKV
HWBUIM
CAEGKPOMZX
KACPWZN
LGHORSQUYE
YAFRCU
MGAPKF
IMPOSSIBLE
IMPOSSIBLE
IMPOSSIBLE
FDGMRTO
ROGADFT
LBEIQJUWVG
IMPOSSIBLE
OXMGHTVL
QEIGKLNSF
REFJGNOT
IMPOSSIBLE
IMPOSSIBLE
LUDB
CAGPTVQD
JUAK
UEHKRLVZ
XLPWTVI
TFJKEWZNPH
OWMIFN
SDEFX
