51076
135751
22801
6801
5776
40401
51076
30976
6801
1326
