LCIMONTRUWVYZJ
KABLMJOWQTYUZ
QABEGJKPRSUVYZW
FCDGHIYZMNQR
XEBFGJOYSMPVZUT
QABGHJLNRSTWC
UDABEIHKLNWSYVR
BDCGFHLOUZMTP
ABCDJFKMOTVXYP
GBFHIORTUZVP
XBCDFHMOQTZI
SADFJHLPNBZRI
TBDCHLFPKISYVQE
DEGBLQWYHXKNZ
PCEJGQLORSTVWZA
PADIEKLWSTRYXZH
YBFDNJVMQTZW
RAFGILKOUWXZP
IABDGHMNOPSTWF
UBACEJNOTRSWXI
SAFCGILHTYWQ
IBCEFHJWRNXPVT
SABDEGILOPQTUH
JBDOEFGITLQVUXA
BGIMNOPSTVWXZC
DEFGILPQTSYZO
SBGHIJKNLQXWF
BCKFGILMPXQORZA
QDHBGIVZJKRWY
WHDFLGKMOTZVUC
NBEFIJKTPXQZW
WFIJKONTXSVZL
