5480039664
195304243142
73478684704
36616644624
193241252992
526697292781
471015357087
137331349216
56077654576
71513895438
423330139419
24774599124
391975165302
246946431968
243799779806
282801608622
140476360521
248612740292
