1531320001
16333543334
12500200001
6944430555
5062612501
2500100001
3125100001
729195834
13333533334
3200120001
