17255259903253510
171624360309635977
131864882929581067
44476615612208091
