PAIBCMNRSTZVWG
JDEFHLONRSZYA
XFAEJHMQOYVWRN
OHDJRUSKYXZTWC
ZADEFGHIMNQRTP
ZBGFIKMNLSUVXYD
ACDIJKTUYXZE
