PBACINMSRTWVZG
IACFMQWOKTZRY
RACDIQPSXUVTYWL
KBEFCGJOTZVRUS
KAHILRVSYUWB
QCAFEJKLOWNSZR
KBCGLJMORSTD
EBCDFHMONQUVZX
BACDJNLQRUWXZP
VADCEFHKLTQWB
WCDBGHKTJXLSVZF
KHIBJAMNRVTWPS
XCJAMLNOPQSUT
OMHFCIQSVTYZX
ZFIMNOQSUWVYJ
HAFJGKLMNPZTRD
IBCDFHPMRXZA
UHFICBJMQRYKWG
WDFAMHILRUSYZQ
JIBLOSUVQZXA
DBEHKJLMNQPSXZA
WCBJQGSZXRYH
