270001779867
6232197735
384421302810
140443910075
210463570850
37697490972
64193387200
138503919105
52171044150
692031902121
5001880284
286161388025
360844752672
72972063525
870550246425
222105047913
150648895548
284371605558
