60407842293
350859234609
301926521946
318310273974
286098547924
398620801306
262746624703
372334548502
74807380503
178552544537
226308856018
127414446350
232119267982
241009024401
411131063532
