FADIJLNMOSWXYC
IBAHEMOQPYGJZ
BFAIDKMRPZUYXTL
AEGHKLMNOQUXI
GABDEHJKLOPSUXM
VCFEJNDULQRWY
PBAKHILQNOTWXV
PFIKMQNYURTWZ
LCDEFIHRUOYNWK
FGHILRQUVZYE
QABRCHNOUVWXYE
