SABHDGMJUIOQZX
LAMPGQVZTFRWXK
JBDFLOPSTUWXYZC
VCDEGFLKMQUYPTX
TIBJAONFQUVLZC
NEGILQORUXVTYD
LCDAGIPNSYKZV
PBEGFMNRSVWXC
TFJMOPRSVXYB
DACGHOWJZKMYTX
YBCELIQTNKRO
VCDFIHQPTRUWS
OABCDHKLPSQTZI
MAHOPIRTUXYQ
OACBKILQUPNRSW
QGFAHJUPNVZYML
VFCGJKMNSTZYQ
CDEFGHIPSRWVTYM
UDAHFNILPRVXYO
QDHGJFNITUXYL
ODFKQNWTUXYJH
DBECGIJLKMOWTVY
YAEFHLONSTXVUWC
DACEFHKNOQTXYZM
QBDHJKMVWYXZE
NADCISPKMGRQ
IMPOSSIBLE
GBEDLJPSQWUXZ
SDFMGNQPWVZU
ZAEHFGJPSMVXUN
QCDFEJKLMRUVWZX
OBATEDLZQSNM
