6532074
29003057
17038402
6605726
19491666
7385581
13072969
0
8090425
11241942
