WHMOQZTI
XGHKRSVYZ
FDEGJORVZS
MDHXGPYKF
XADBPTUIG
TDFJLPSVWC
