0
32151
30175
31761
29744
0
109838
32336
31930
57711
