955519071392078
1610039980450148
39201999875545055
16560887417177107
161342924712226267
