IASV
YRBV
DKSWUVL
DAFGLYW
FWGT
CAQGSTHDL
UILNTV
OCHJNQTXRD
IGSUVD
IMPOSSIBLE
YCFWJE
DKPZ
IBDRGEVH
WAKFRZ
MPVSYT
XADLGHPWJT
NADGFQZPMW
JAHILQNXWZ
UDQYPXZ
RKLQ
JDGS
FDZIP
XGIRUQ
ECGTJAWB
VACIDJKPE
PCFGJNWVOL
ABIJQRYH
WEFGNMOSYU
JFAGHUVYQ
MEDZY
JEKURPX
PHKODTNZX
CGEOI
KYHGW
UEHWXSVKO
IMPOSSIBLE
IMPOSSIBLE
WJPTSR
XACBTWYDGK
IEHYZG
OLMFXTD
XBKGCOW
ZDEUWXY
