QCDFHPEMRYSXVT
LCFHKMINTUZP
DCFGIHNOQSWXYL
SBEMNUOTQVWZYG
DFBGKLCOPWZT
TADEHIJWOKZN
VECFDGHINQJZUXA
ZCGJHKLMQRTXYF
BAGCIJKMRWSPXY
BACDGFILOQPRWH
SADBFCGKQRVTYZM
JBEDGFLTRSVXYQ
WABDFJIPYZOQN
MCDNEPOSVXYR
IAHDCLPOMXTSUB
LFMNOSUVYXZA
IBEQRUVWXYZH
