1952388
0
3170209
2023953
4677269
2201759
0
6006321
4190389
3730040
