61011187500
44642379775
376800943778
313881052695
247308212067
289716422632
641070515778
346898071989
325605112500
473855775000
582078412500
288627885498
60833405138
