UCEDFHKOPRSTVX
TBDFKNORQUSVZG
JEBFGMQTXVZYSUW
OCEGJKPSUWYX
MDBENFQPRUTWYZK
IECGJHLMQZTWX
DCGBIJLNOQURWXV
SEBGDIKMPOQVXYN
MBDIJNQSUWRXZT
TBDKOVEZPJYXN
PCFJDAEKUQLWY
CABEFROLKHMZU
TACDEIGKMPQRVS
HADGSJTUWVYC
CBGTJHILUSWQ
NABEIFLMXSVQZJ
TGIAHJLXNRVZMO
QCBDFHKORGNPWL
VBCDFJNORTUXYZG
YAFJLMOKRXUTPQE
FABMGDKLSPNYZC
OABEFGJMRSUVWC
WACFKLNOUXRVZ
RCEDGHJIKLMTYO
ODGHPJKRVWUXY
ECAGMLJSYNWP
NBCLODSRTYZH
NAEHIJLMQRTVZY
TABEDZKSRHOW
ZBADEJFHKLMSWXO
MAIHKNORSYWXZG
XBDFGILMNPQSTUR
WACGHELMQRVYZN
YCEGMNPQRTVWU
CABDIEGOSTZUVXL
GABEFILMORVXW
QBFCERISWVHPUY
DCEHFLGTMQUSVWB
KACGPEHMQVSZF
HEMAIJNOPDRUYVX
ABDIJLQSNYUZWK
CBEFIJKMNOQRSZ
SBIHKGUTLWNQRXE
YBHCDJGKLSXZVUI
SCFGJLKUMZXQNV
AEFDMTZPYQIWG
QADHKGTJXIUMWV
UBEJDLFXKQYZN
GABDMHOSPQXZF
TCEBIKLORSYVD
UCDHLOQVWXYT
