IMPOSSIBLE
WXDBHF
UHOD
NBEWID
CBDFHKSWM
LBHDPQYS
UHLMNORXT
