ZFBKNMQROTVWSY
NCFGKLOPQTUXVJ
OIJKLPQSUYTZX
XDFHMNPQWYZJ
OKCIMQVZYRWU
LAECMDQSTVUWYZG
LBMODTQNVWRJ
QBDFEGHKJMNRSC
OACDKFUXRYZS
GACEFIHJMNSUWYQ
ZJGILSMCUNVH
XBCKIELFMNDQ
MFLSNOPUYXVI
IBDGEJKNLOQVZS
WLCGEPOUTVXF
OACEFJLSTVXZD
LADFHIKNQSUWXZG
IABEJNPSQYZXO
IECGJLNQSVWZXR
IACDEFGMPVZY
YCALJKMRUSQVXZG
MAFHLIPRSYWV
PLADEKINOWHSMT
HEGFNMPRSYWQ
EACDHFIQOUZXYVW
GCEIJMNQORUWK
SABDEHLMOQPYZVK
TCDFNRQPZUSA
PBDEGCKVLWMQZH
CADBFEHKMXNQSLZ
OABCGDHLKMQXWN
ECFHMJOQPSWYUL
IDEOFGPMQVUWZC
BCEKLMPQRVZU
CAFHDJLRPTVWYZI
WABEIFKLOPQVXJ
VFBKHDLNMSPRY
RBAFEGNJSZQWK
QACDHFIJYOZURPE
ZGNIMOSTVWXYU
LABHNOPIVTZY
GABDIJQSTUXYZH
SCDLFMETPHGV
