1337027
1609338
878288
1272441
1454575
2009976
1042496
0
1353942
