3024686
10586512
5669812
3177117
8917423
3526611
6623957
0
3323628
