64705546344364453
4188405389372610
4287337390978944
14002877770414928
49586199109239606
