663884630376
70363259960
182351732630
68901465024
66693177261
414670369390
263748913570
239979755598
208027144190
13145896236
218026394520
191655813580
640532405865
343970892089
400116237246
244307188334
101649721070
125225701799
7317013186
175611891240
44205630348
241362081206
512331617501
98892888410
290568597099
492278109268
