IADBEFKMPSUXTV
YEIJHMOUTVWG
BADGHIKLMSYZC
DACEFIKLOQTWXYV
SAEFGHILOVTPYU
XBFDHJIMTVWYZOR
ZBCEGHIQSUWXN
