123398607520
176049731352
473273056092
446989138680
408317722893
185817873960
527343585856
478272104928
329302464704
474898149224
233068994305
174000780290
127264841256
444676844313
185470051900
16485287085
87984289400
623943208088
254540403704
656455090251
