57576938
59038776
32965186
72595983
43281617
47517979
123374151
94333099
31349337
72175784
