31581309156
512063864950
15273956880
263474196552
34901355384
470496210980
37293471677
30524884075
316730111555
207187711181
319408695144
450847544345
330204440160
15994505016
363525293175
244265818104
243983042077
72523461765
27537760950
440346144920
543166360275
457046816223
525492412819
338814626472
358892564482
198004385824
244821381129
305809401242
83276841957
432831343406
404121261544
87682248936
376783525578
217149168438
