2602494
10182350
4773583
2519829
5094528
0
5402430
7686068
3040175
4604376
