222898074520
253378057314
517489999032
330663586473
12957760482
30132281916
327915293640
368918328300
129452669379
304273348244
338391889272
182330611366
