12189281973125692
1137718998597029
2230198994973263
137909553816677503
34084450631524450
