201971628605
267711915202
54715170300
246984227360
332268527110
358684848897
192449050092
15101098449
112078303041
396266127980
88658817866
57536669513
