IMPOSSIBLE
QHIWXP
TFJUV
IMPOSSIBLE
JALIBTDWXE
YFOTA
VXYNOB
PDXMJSZY
RCJPSTD
IMPOSSIBLE
DCBJGRYKQ
IMPOSSIBLE
WGJMKYXUZ
ZDXLNEG
JBGDUMQZW
RAFJEWZK
CFHLRTXS
NJAPOSZWTD
SCEKMTVZ
BACVXZNYU
WKLMNOPQXR
CAELNQRJ
