GBDJLNSOQXUMRA
OCEDGHJPIRUNZW
OCEGKNPRSTVZYUF
MDEKLNPSTUVWXYC
PABCFGJIKTWY
RCGFEHLIQUVWTYB
WDILMNOSTPVYC
KAHDFILSMTUVWZP
MACEGHJILUPS
YAFJLNUSRPMQG
TBCDEFNGOMQYZA
