GDLJBMNOQXRSUA
KACEGFMILUQRWZH
OABDEGHPQRYWUK
PABFGMSNTVWXYH
OBAGHKINUQPTZ
BCDGJHPNUTVWZYO
CBEGFJKLMQRUYZW
TBDEFHKLXPYRVWI
NAHDLQRTUWVX
MEBGJKNSPTXUZR
