153676401726
435737975561
169902972009
355741887293
294523659419
518240630459
75916111274
152743786667
637028418996
128245885885
395930505594
670603947882
210459595598
156936075346
202683873657
749139540165
309216486413
36210722170
280371411839
3088591371
225636997361
349724249803
219091572425
98718506957
7547865376
109332305729
387436505441
692271457701
373685136977
242699910466
570400366018
60556584445
617204011683
780292977516
397795879337
