3920933
4083339
2294213
3221584
2220923
2140205
8896235
2377290
5481433
